// Jest Snapshot v1, https://goo.gl/fbAQLP

exports[`Contact component matches snapshot DOM node structure 1`] = `
<DocumentFragment>
  <section
    class="my-5"
  >
    <h1
      id="contact"
    >
      Portfolio
    </h1>
    <img
      alt="background"
      class="my-2"
      src="desk-background.jpg"
      style="width: 100%;"
    />
  </section>
</DocumentFragment>
`;
