// Jest Snapshot v1, https://goo.gl/fbAQLP

exports[`Nav component matches snapshot 1`] = `
<DocumentFragment>
  <header
    class="flex-row px-1"
  >
    <h1>
      <a
        data-testid="link"
        href="/"
      >
        <span
          role="img"
        />
         Mark Sherman
      </a>
    </h1>
    <nav>
      <ul
        class="flex-row"
      >
        <li
          class="mx-2"
        >
          <a
            data-testid="about"
            href="#about"
          >
            About Me
          </a>
        </li>
        <li
          class="mx-2"
        >
          <a
            data-testid="contact"
            href="#contact"
          >
            Contact
          </a>
        </li>
        <li
          class="mx-1"
        >
          <a
            href="#projects"
          >
            Projects
          </a>
        </li>
      </ul>
    </nav>
  </header>
</DocumentFragment>
`;
